[0.021s] Invoking command in '/home/experimental-brain/Desktop/robot-rail-system/build/robot_rail_system': CMAKE_PREFIX_PATH=${CMAKE_PREFIX_PATH}:/opt/ros/jazzy DEBUGINFOD_URLS=https://debuginfod.ubuntu.com /usr/bin/cmake --build /home/experimental-brain/Desktop/robot-rail-system/build/robot_rail_system -- -j16 -l16
[0.057s] -- Found ament_cmake: 2.5.6 (/opt/ros/jazzy/share/ament_cmake/cmake)
[0.413s] -- Found ament_lint_auto: 0.17.5 (/opt/ros/jazzy/share/ament_lint_auto/cmake)
[0.609s] -- Added test 'cppcheck' to perform static code analysis on C / C++ code
[0.610s] -- Configured cppcheck include dirs: 
[0.610s] -- Configured cppcheck exclude dirs and/or files: 
[0.614s] -- Added test 'flake8' to check Python code syntax and style conventions
[0.614s] -- Configured 'flake8' exclude dirs and/or files: 
[0.621s] -- Added test 'lint_cmake' to check CMake code style
[0.624s] -- Added test 'pep257' to check Python code against some of the docstring style conventions in PEP 257
[0.650s] -- Added test 'uncrustify' to check C / C++ code style
[0.650s] -- Configured uncrustify additional arguments: 
[0.654s] -- Added test 'xmllint' to check XML markup files
[0.655s] -- Configuring done (0.6s)
[0.661s] -- Generating done (0.0s)
[0.664s] -- Build files have been written to: /home/experimental-brain/Desktop/robot-rail-system/build/robot_rail_system
[0.706s] Invoked command in '/home/experimental-brain/Desktop/robot-rail-system/build/robot_rail_system' returned '0': CMAKE_PREFIX_PATH=${CMAKE_PREFIX_PATH}:/opt/ros/jazzy DEBUGINFOD_URLS=https://debuginfod.ubuntu.com /usr/bin/cmake --build /home/experimental-brain/Desktop/robot-rail-system/build/robot_rail_system -- -j16 -l16
[0.725s] Invoking command in '/home/experimental-brain/Desktop/robot-rail-system/build/robot_rail_system': CMAKE_PREFIX_PATH=${CMAKE_PREFIX_PATH}:/opt/ros/jazzy DEBUGINFOD_URLS=https://debuginfod.ubuntu.com /usr/bin/cmake --install /home/experimental-brain/Desktop/robot-rail-system/build/robot_rail_system
[0.736s] -- Install configuration: ""
[0.737s] [31mCMake Error at cmake_install.cmake:46 (file):
[0.737s]   file INSTALL cannot find
[0.737s]   "/home/experimental-brain/Desktop/robot-rail-system/src/robot_rail_system/launch":
[0.738s]   No such file or directory.
[0.738s] 
[0.739s] [0m
[0.740s] Invoked command in '/home/experimental-brain/Desktop/robot-rail-system/build/robot_rail_system' returned '1': CMAKE_PREFIX_PATH=${CMAKE_PREFIX_PATH}:/opt/ros/jazzy DEBUGINFOD_URLS=https://debuginfod.ubuntu.com /usr/bin/cmake --install /home/experimental-brain/Desktop/robot-rail-system/build/robot_rail_system
