[0.019s] Invoking command in '/home/experimental-brain/Desktop/robot-rail-system/build/robot_rail_system': CMAKE_PREFIX_PATH=${CMAKE_PREFIX_PATH}:/opt/ros/jazzy DEBUGINFOD_URLS=https://debuginfod.ubuntu.com /usr/bin/cmake --build /home/experimental-brain/Desktop/robot-rail-system/build/robot_rail_system -- -j16 -l16
[0.063s] -- Found ament_cmake: 2.5.6 (/opt/ros/jazzy/share/ament_cmake/cmake)
[0.402s] -- Found ament_lint_auto: 0.17.5 (/opt/ros/jazzy/share/ament_lint_auto/cmake)
[0.590s] -- Added test 'cppcheck' to perform static code analysis on C / C++ code
[0.591s] -- Configured cppcheck include dirs: 
[0.591s] -- Configured cppcheck exclude dirs and/or files: 
[0.594s] -- Added test 'flake8' to check Python code syntax and style conventions
[0.595s] -- Configured 'flake8' exclude dirs and/or files: 
[0.601s] -- Added test 'lint_cmake' to check CMake code style
[0.605s] -- Added test 'pep257' to check Python code against some of the docstring style conventions in PEP 257
[0.632s] -- Added test 'uncrustify' to check C / C++ code style
[0.632s] -- Configured uncrustify additional arguments: 
[0.636s] -- Added test 'xmllint' to check XML markup files
[0.637s] -- Configuring done (0.6s)
[0.644s] -- Generating done (0.0s)
[0.647s] -- Build files have been written to: /home/experimental-brain/Desktop/robot-rail-system/build/robot_rail_system
[0.693s] Invoked command in '/home/experimental-brain/Desktop/robot-rail-system/build/robot_rail_system' returned '0': CMAKE_PREFIX_PATH=${CMAKE_PREFIX_PATH}:/opt/ros/jazzy DEBUGINFOD_URLS=https://debuginfod.ubuntu.com /usr/bin/cmake --build /home/experimental-brain/Desktop/robot-rail-system/build/robot_rail_system -- -j16 -l16
[0.717s] Invoking command in '/home/experimental-brain/Desktop/robot-rail-system/build/robot_rail_system': CMAKE_PREFIX_PATH=${CMAKE_PREFIX_PATH}:/opt/ros/jazzy DEBUGINFOD_URLS=https://debuginfod.ubuntu.com /usr/bin/cmake --install /home/experimental-brain/Desktop/robot-rail-system/build/robot_rail_system
[0.728s] -- Install configuration: ""
[0.728s] -- Installing: /home/experimental-brain/Desktop/robot-rail-system/install/robot_rail_system/share/robot_rail_system/launch
[0.729s] -- Installing: /home/experimental-brain/Desktop/robot-rail-system/install/robot_rail_system/share/robot_rail_system/launch/map_server.launch.py
[0.729s] -- Installing: /home/experimental-brain/Desktop/robot-rail-system/install/robot_rail_system/share/robot_rail_system/maps
[0.729s] -- Installing: /home/experimental-brain/Desktop/robot-rail-system/install/robot_rail_system/share/robot_rail_system/maps/my_map.yaml
[0.730s] -- Installing: /home/experimental-brain/Desktop/robot-rail-system/install/robot_rail_system/share/robot_rail_system/maps/my_map.pgm
[0.730s] -- Installing: /home/experimental-brain/Desktop/robot-rail-system/install/robot_rail_system/share/robot_rail_system/config
[0.730s] -- Installing: /home/experimental-brain/Desktop/robot-rail-system/install/robot_rail_system/share/robot_rail_system/config/edges.yaml
[0.731s] -- Installing: /home/experimental-brain/Desktop/robot-rail-system/install/robot_rail_system/share/robot_rail_system/config/nodes.yaml
[0.731s] -- Installing: /home/experimental-brain/Desktop/robot-rail-system/install/robot_rail_system/share/robot_rail_system/config/nodes.geojson
[0.732s] -- Installing: /home/experimental-brain/Desktop/robot-rail-system/install/robot_rail_system/share/robot_rail_system/config/edges.geojson
[0.732s] -- Installing: /home/experimental-brain/Desktop/robot-rail-system/install/robot_rail_system/lib/robot_rail_system/show_nodes.py
[0.732s] -- Installing: /home/experimental-brain/Desktop/robot-rail-system/install/robot_rail_system/share/ament_index/resource_index/package_run_dependencies/robot_rail_system
[0.733s] -- Installing: /home/experimental-brain/Desktop/robot-rail-system/install/robot_rail_system/share/ament_index/resource_index/parent_prefix_path/robot_rail_system
[0.733s] -- Installing: /home/experimental-brain/Desktop/robot-rail-system/install/robot_rail_system/share/robot_rail_system/environment/ament_prefix_path.sh
[0.733s] -- Installing: /home/experimental-brain/Desktop/robot-rail-system/install/robot_rail_system/share/robot_rail_system/environment/ament_prefix_path.dsv
[0.734s] -- Installing: /home/experimental-brain/Desktop/robot-rail-system/install/robot_rail_system/share/robot_rail_system/environment/path.sh
[0.734s] -- Installing: /home/experimental-brain/Desktop/robot-rail-system/install/robot_rail_system/share/robot_rail_system/environment/path.dsv
[0.735s] -- Installing: /home/experimental-brain/Desktop/robot-rail-system/install/robot_rail_system/share/robot_rail_system/local_setup.bash
[0.735s] -- Installing: /home/experimental-brain/Desktop/robot-rail-system/install/robot_rail_system/share/robot_rail_system/local_setup.sh
[0.735s] -- Installing: /home/experimental-brain/Desktop/robot-rail-system/install/robot_rail_system/share/robot_rail_system/local_setup.zsh
[0.736s] -- Installing: /home/experimental-brain/Desktop/robot-rail-system/install/robot_rail_system/share/robot_rail_system/local_setup.dsv
[0.736s] -- Installing: /home/experimental-brain/Desktop/robot-rail-system/install/robot_rail_system/share/robot_rail_system/package.dsv
[0.736s] -- Installing: /home/experimental-brain/Desktop/robot-rail-system/install/robot_rail_system/share/ament_index/resource_index/packages/robot_rail_system
[0.737s] -- Installing: /home/experimental-brain/Desktop/robot-rail-system/install/robot_rail_system/share/robot_rail_system/cmake/robot_rail_systemConfig.cmake
[0.737s] -- Installing: /home/experimental-brain/Desktop/robot-rail-system/install/robot_rail_system/share/robot_rail_system/cmake/robot_rail_systemConfig-version.cmake
[0.737s] -- Installing: /home/experimental-brain/Desktop/robot-rail-system/install/robot_rail_system/share/robot_rail_system/package.xml
[0.739s] Invoked command in '/home/experimental-brain/Desktop/robot-rail-system/build/robot_rail_system' returned '0': CMAKE_PREFIX_PATH=${CMAKE_PREFIX_PATH}:/opt/ros/jazzy DEBUGINFOD_URLS=https://debuginfod.ubuntu.com /usr/bin/cmake --install /home/experimental-brain/Desktop/robot-rail-system/build/robot_rail_system
