[0.018s] Invoking command in '/home/experimental-brain/Desktop/robot-rail-system/build/robot_rail_system': CMAKE_PREFIX_PATH=${CMAKE_PREFIX_PATH}:/opt/ros/jazzy DEBUGINFOD_URLS=https://debuginfod.ubuntu.com /usr/bin/cmake /home/experimental-brain/Desktop/robot-rail-system -DCMAKE_INSTALL_PREFIX=/home/experimental-brain/Desktop/robot-rail-system/install/robot_rail_system
[0.229s] -- The C compiler identification is GNU 13.3.0
[0.398s] -- The CXX compiler identification is GNU 13.3.0
[0.446s] -- Detecting C compiler ABI info
[0.622s] -- Detecting C compiler ABI info - done
[0.649s] -- Check for working C compiler: /usr/bin/cc - skipped
[0.650s] -- Detecting C compile features
[0.652s] -- Detecting C compile features - done
[0.675s] -- Detecting CXX compiler ABI info
[0.862s] -- Detecting CXX compiler ABI info - done
[0.879s] -- Check for working CXX compiler: /usr/bin/c++ - skipped
[0.880s] -- Detecting CXX compile features
[0.881s] -- Detecting CXX compile features - done
[0.892s] -- Found ament_cmake: 2.5.6 (/opt/ros/jazzy/share/ament_cmake/cmake)
[1.137s] -- Found Python3: /usr/bin/python3 (found version "3.12.3") found components: Interpreter 
[1.339s] -- Found ament_lint_auto: 0.17.5 (/opt/ros/jazzy/share/ament_lint_auto/cmake)
[1.536s] -- Added test 'cppcheck' to perform static code analysis on C / C++ code
[1.536s] -- Configured cppcheck include dirs: 
[1.536s] -- Configured cppcheck exclude dirs and/or files: 
[1.540s] -- Added test 'flake8' to check Python code syntax and style conventions
[1.541s] -- Configured 'flake8' exclude dirs and/or files: 
[1.546s] -- Added test 'lint_cmake' to check CMake code style
[1.550s] -- Added test 'pep257' to check Python code against some of the docstring style conventions in PEP 257
[1.570s] -- Added test 'uncrustify' to check C / C++ code style
[1.570s] -- Configured uncrustify additional arguments: 
[1.574s] -- Added test 'xmllint' to check XML markup files
[1.577s] -- Configuring done (1.5s)
[1.583s] -- Generating done (0.0s)
[1.587s] -- Build files have been written to: /home/experimental-brain/Desktop/robot-rail-system/build/robot_rail_system
[1.597s] Invoked command in '/home/experimental-brain/Desktop/robot-rail-system/build/robot_rail_system' returned '0': CMAKE_PREFIX_PATH=${CMAKE_PREFIX_PATH}:/opt/ros/jazzy DEBUGINFOD_URLS=https://debuginfod.ubuntu.com /usr/bin/cmake /home/experimental-brain/Desktop/robot-rail-system -DCMAKE_INSTALL_PREFIX=/home/experimental-brain/Desktop/robot-rail-system/install/robot_rail_system
[1.599s] Invoking command in '/home/experimental-brain/Desktop/robot-rail-system/build/robot_rail_system': CMAKE_PREFIX_PATH=${CMAKE_PREFIX_PATH}:/opt/ros/jazzy DEBUGINFOD_URLS=https://debuginfod.ubuntu.com /usr/bin/cmake --build /home/experimental-brain/Desktop/robot-rail-system/build/robot_rail_system -- -j16 -l16
[1.661s] Invoked command in '/home/experimental-brain/Desktop/robot-rail-system/build/robot_rail_system' returned '0': CMAKE_PREFIX_PATH=${CMAKE_PREFIX_PATH}:/opt/ros/jazzy DEBUGINFOD_URLS=https://debuginfod.ubuntu.com /usr/bin/cmake --build /home/experimental-brain/Desktop/robot-rail-system/build/robot_rail_system -- -j16 -l16
[1.684s] Invoking command in '/home/experimental-brain/Desktop/robot-rail-system/build/robot_rail_system': CMAKE_PREFIX_PATH=${CMAKE_PREFIX_PATH}:/opt/ros/jazzy DEBUGINFOD_URLS=https://debuginfod.ubuntu.com /usr/bin/cmake --install /home/experimental-brain/Desktop/robot-rail-system/build/robot_rail_system
[1.702s] -- Install configuration: ""
[1.703s] [31mCMake Error at cmake_install.cmake:46 (file):
[1.703s]   file INSTALL cannot find
[1.703s]   "/home/experimental-brain/Desktop/robot-rail-system/launch": No such file
[1.703s]   or directory.
[1.703s] 
[1.703s] [0m
[1.705s] Invoked command in '/home/experimental-brain/Desktop/robot-rail-system/build/robot_rail_system' returned '1': CMAKE_PREFIX_PATH=${CMAKE_PREFIX_PATH}:/opt/ros/jazzy DEBUGINFOD_URLS=https://debuginfod.ubuntu.com /usr/bin/cmake --install /home/experimental-brain/Desktop/robot-rail-system/build/robot_rail_system
